// Jest Snapshot v1, https://goo.gl/fbAQLP

exports[`renders correctly 1`] = `
<div>
  Should just lay out components;
  <div>
    <input
      onBlur={[Function]}
      onChange={[Function]}
      placeholder="Test"
      type="text"
      value=""
    />
  </div>
</div>
`;
